// Jest Snapshot v1, https://goo.gl/fbAQLP

exports[`Renders Button component 1`] = `
<button
  className="sc-bdnxRM ePNXFs"
>
  Show more 
  <span
    className="sc-gtsrHT dBfHKE"
  />
</button>
`;
