// Jest Snapshot v1, https://goo.gl/fbAQLP

exports[`Renders Clock component 1`] = `
<p
  className="sc-bdnxRM cSUPny"
>
  07:02
</p>
`;
