// Jest Snapshot v1, https://goo.gl/fbAQLP

exports[`Renders App component 1`] = `
Array [
  <div
    className="sc-dlnjwi fDzMIF"
  >
    <div
      className="sc-hKFxyN jIwCHt"
    />
  </div>,
  <div
    className="sc-eCApnc jMzDgT"
  >
    <blockquote
      className="sc-bdnxRM gBQhwI"
    >
      "Donâ€™t postpone joy until you have learned all of your lessons. Joy is your lesson."
      <span
        className="sc-gtsrHT kyKqlw"
      >
        Alan Cohen
      </span>
    </blockquote>
    <section
      className="sc-fujyAs dPWxxo"
    >
      <div
        className="sc-iqAclL"
      >
        <p
          className="sc-pNWdM bfEEQN"
        >
          <img
            alt=""
            className="sc-kEqXSa ewoxua"
            src="moon.png"
          />
           GOOD NIGHT, THE TIME IS
        </p>
        <p
          className="sc-jSFjdj eUeLBm"
        >
          07:02
        </p>
        <p
          className="sc-jrsJWt bwYHFv"
        >
          IN CARACAS, VENEZUELA
        </p>
      </div>
      <button
        className="sc-gKAaRy iRJMvI"
      >
        Show more 
        <span
          className="sc-iCoGMd ewA-Dvh"
        />
      </button>
    </section>
    <div
      className="sc-crzoAE eNHenv"
    >
      <div
        className="sc-dIsUp ipoGrL"
      >
        <div
          className="sc-bqGGPW kqzvNC"
        >
          <p
            className="sc-ksluID ieOeuJ"
          >
            CURRENT TIMEZONE
          </p>
          <h3
            className="sc-hBMUJo bbVOhK"
          >
            Venezuelan VET
          </h3>
        </div>
        <div
          className="sc-bqGGPW kqzvNC"
        >
          <p
            className="sc-ksluID ieOeuJ"
          >
            DAY OF THE WEEK
          </p>
          <h3
            className="sc-hBMUJo bbVOhK"
          >
            1
          </h3>
        </div>
      </div>
      <div
        className="sc-dIsUp ipoGrL"
      >
        <div
          className="sc-bqGGPW kqzvNC"
        >
          <p
            className="sc-ksluID ieOeuJ"
          >
            DAY OF THE YEAR
          </p>
          <h3
            className="sc-hBMUJo bbVOhK"
          >
            125
          </h3>
        </div>
        <div
          className="sc-bqGGPW kqzvNC"
        >
          <p
            className="sc-ksluID ieOeuJ"
          >
            WEEK NUMBER
          </p>
          <h3
            className="sc-hBMUJo bbVOhK"
          >
            29
          </h3>
        </div>
      </div>
    </div>
  </div>,
]
`;
